All checks passed!
574 files already formatted
Success: no issues found in 325 source files
........................................................................ [  3%]
........................................................................ [  7%]
........................................................................ [ 11%]
........................................................................ [ 15%]
........................................................................ [ 19%]
........................................................................ [ 23%]
........................................................................ [ 27%]
........................................................................ [ 31%]
........................................................................ [ 34%]
........................................................................ [ 38%]
........................................................................ [ 42%]
........................................................................ [ 46%]
........................................................................ [ 50%]
........................................................................ [ 54%]
........................................................................ [ 58%]
........................................................................ [ 62%]
........................................................................ [ 65%]
........................................................................ [ 69%]
........................................................................ [ 73%]
........................................................................ [ 77%]
........................................................................ [ 81%]
........................................................................ [ 85%]
........................................................................ [ 89%]
........................................................................ [ 93%]
........................................................................ [ 96%]
........................................................                 [100%]
1856 passed, 34 deselected in 852.55s (0:14:12)
Plan structure clean (59 warning(s)).
check_verifiers_are_wired: every verify_* function has a call site in src/
Prompt hygiene clean: 10 active prompt(s)
Level-8 requirement coverage current: 426 rows
Checked 157 IMPLEMENTED rows.
  0 row(s) with a semantic closure finding.
  86 row(s) with informational-only findings (no test path cited).
  71 row(s) fully clean.

=== Tree precondition (start) ===
TREE CLEAN

=== ruff check ===
$ D:\Users\prora\OneDrive\Documents\GitHub\foss-readme-optimizer\.venv\Scripts\python.exe -m ruff check .
--- ruff check: OK

=== ruff format --check ===
$ D:\Users\prora\OneDrive\Documents\GitHub\foss-readme-optimizer\.venv\Scripts\python.exe -m ruff format --check .
--- ruff format --check: OK

=== mypy src ===
$ D:\Users\prora\OneDrive\Documents\GitHub\foss-readme-optimizer\.venv\Scripts\python.exe -m mypy src
--- mypy src: OK

=== pytest -q (full non-live suite) ===
$ D:\Users\prora\OneDrive\Documents\GitHub\foss-readme-optimizer\.venv\Scripts\python.exe -m pytest -q
--- pytest -q (full non-live suite): OK

=== validate_plan_structure.py ===
$ D:\Users\prora\OneDrive\Documents\GitHub\foss-readme-optimizer\.venv\Scripts\python.exe D:\Users\prora\OneDrive\Documents\GitHub\foss-readme-optimizer\runs\acquisition-truth-committed-byte-proof\scripts\governance\validate_plan_structure.py
--- validate_plan_structure.py: OK

=== check_verifiers_are_wired.py --check (PRODSYS-P2-T1) ===
$ D:\Users\prora\OneDrive\Documents\GitHub\foss-readme-optimizer\.venv\Scripts\python.exe D:\Users\prora\OneDrive\Documents\GitHub\foss-readme-optimizer\runs\acquisition-truth-committed-byte-proof\scripts\governance\check_verifiers_are_wired.py --check
--- check_verifiers_are_wired.py --check (PRODSYS-P2-T1): OK

=== check_prompt_hygiene.py ===
$ D:\Users\prora\OneDrive\Documents\GitHub\foss-readme-optimizer\.venv\Scripts\python.exe D:\Users\prora\OneDrive\Documents\GitHub\foss-readme-optimizer\runs\acquisition-truth-committed-byte-proof\scripts\governance\check_prompt_hygiene.py
--- check_prompt_hygiene.py: OK

=== build_level8_requirement_taskcard_coverage.py --check (PRODSYS-P1-T3) ===
$ D:\Users\prora\OneDrive\Documents\GitHub\foss-readme-optimizer\.venv\Scripts\python.exe D:\Users\prora\OneDrive\Documents\GitHub\foss-readme-optimizer\runs\acquisition-truth-committed-byte-proof\scripts\governance\build_level8_requirement_taskcard_coverage.py --check
--- build_level8_requirement_taskcard_coverage.py --check (PRODSYS-P1-T3): OK

=== traceability_matrix.py --check ===
$ D:\Users\prora\OneDrive\Documents\GitHub\foss-readme-optimizer\.venv\Scripts\python.exe D:\Users\prora\OneDrive\Documents\GitHub\foss-readme-optimizer\runs\acquisition-truth-committed-byte-proof\plans\investigations\tools\traceability_matrix.py --check
--- traceability_matrix.py --check: OK

=== actionlint (workflow syntax) ===
--- actionlint not found on PATH -- skipped (install it for a real syntax check)

=== Tree precondition (end) ===
TREE CLEAN

============================================================
Tree state: TREE CLEAN
All official checks passed.
