command=D:\Users\prora\OneDrive\Documents\GitHub\foss-readme-optimizer\.venv\Scripts\python.exe D:\Users\prora\OneDrive\Documents\GitHub\foss-readme-optimizer\scripts\governance\run_official_checks.py
started_at=2026-07-25T22:20:30.167969+00:00
finished_at=2026-07-25T22:24:00.966380+00:00
return_code=4294967295

All checks passed!
465 files already formatted
Success: no issues found in 265 source files
........................................................................ [  4%]
........................................................................ [  8%]
........................................................................ [ 13%]
........................................................................ [ 17%]
........................................................................ [ 22%]
........................................................................ [ 26%]
........................................................................ [ 30%]
........................................................................ [ 35%]
........................................................................ [ 39%]
........................................................................ [ 44%]
........................................................................ [ 48%]
........................................................................ [ 52%]
........................................................................ [ 57%]
........................................................................ [ 61%]
........................................................................ [ 66%]
........................................................................ [ 70%]
........................................................................ [ 74%]
........................................................................ [ 79%]
..........................