All checks passed!
523 files already formatted
Success: no issues found in 293 source files
........................................................................ [  4%]
........................................................................ [  8%]
........................................................................ [ 12%]
........................................................................ [ 16%]
........................................................................ [ 20%]
........................................................................ [ 24%]
........................................................................ [ 28%]
........................................................................ [ 32%]
........................................................................ [ 36%]
........................................................................ [ 40%]
........................................................................ [ 44%]
........................................................................ [ 48%]
........................................................................ [ 52%]
........................................................................ [ 56%]
........................................................................ [ 60%]
........................................................................ [ 64%]
........................................................................ [ 68%]
........................................................................ [ 72%]
........................................................................ [ 76%]
........................................................................ [ 80%]
........................................................................ [ 84%]
........................................................................ [ 88%]
........................................................................ [ 92%]
........................................................................ [ 96%]
................................................................         [100%]
1792 passed, 26 deselected in 715.70s (0:11:55)
Plan structure clean (57 warning(s)).
check_verifiers_are_wired: every verify_* function has a call site in src/
Prompt hygiene clean: 10 active prompt(s)
Level-8 requirement coverage current: 425 rows
Checked 154 IMPLEMENTED rows.
  0 row(s) with a semantic closure finding.
  83 row(s) with informational-only findings (no test path cited).
  71 row(s) fully clean.

=== Tree precondition (start) ===
TREE CLEAN

=== ruff check ===
$ D:\Users\prora\OneDrive\Documents\GitHub\foss-readme-optimizer\.venv\Scripts\python.exe -m ruff check .
--- ruff check: OK

=== ruff format --check ===
$ D:\Users\prora\OneDrive\Documents\GitHub\foss-readme-optimizer\.venv\Scripts\python.exe -m ruff format --check .
--- ruff format --check: OK

=== mypy src ===
$ D:\Users\prora\OneDrive\Documents\GitHub\foss-readme-optimizer\.venv\Scripts\python.exe -m mypy src
--- mypy src: OK

=== pytest -q (full non-live suite) ===
$ D:\Users\prora\OneDrive\Documents\GitHub\foss-readme-optimizer\.venv\Scripts\python.exe -m pytest -q
--- pytest -q (full non-live suite): OK

=== validate_plan_structure.py ===
$ D:\Users\prora\OneDrive\Documents\GitHub\foss-readme-optimizer\.venv\Scripts\python.exe D:\Users\prora\OneDrive\Documents\GitHub\foss-readme-optimizer\scripts\governance\validate_plan_structure.py
--- validate_plan_structure.py: OK

=== check_verifiers_are_wired.py --check (PRODSYS-P2-T1) ===
$ D:\Users\prora\OneDrive\Documents\GitHub\foss-readme-optimizer\.venv\Scripts\python.exe D:\Users\prora\OneDrive\Documents\GitHub\foss-readme-optimizer\scripts\governance\check_verifiers_are_wired.py --check
--- check_verifiers_are_wired.py --check (PRODSYS-P2-T1): OK

=== check_prompt_hygiene.py ===
$ D:\Users\prora\OneDrive\Documents\GitHub\foss-readme-optimizer\.venv\Scripts\python.exe D:\Users\prora\OneDrive\Documents\GitHub\foss-readme-optimizer\scripts\governance\check_prompt_hygiene.py
--- check_prompt_hygiene.py: OK

=== build_level8_requirement_taskcard_coverage.py --check (PRODSYS-P1-T3) ===
$ D:\Users\prora\OneDrive\Documents\GitHub\foss-readme-optimizer\.venv\Scripts\python.exe D:\Users\prora\OneDrive\Documents\GitHub\foss-readme-optimizer\scripts\governance\build_level8_requirement_taskcard_coverage.py --check
--- build_level8_requirement_taskcard_coverage.py --check (PRODSYS-P1-T3): OK

=== traceability_matrix.py --check ===
$ D:\Users\prora\OneDrive\Documents\GitHub\foss-readme-optimizer\.venv\Scripts\python.exe D:\Users\prora\OneDrive\Documents\GitHub\foss-readme-optimizer\plans\investigations\tools\traceability_matrix.py --check
--- traceability_matrix.py --check: OK

=== actionlint (workflow syntax) ===
--- actionlint not found on PATH -- skipped (install it for a real syntax check)

=== Tree precondition (end) ===
TREE CLEAN

============================================================
Tree state: TREE CLEAN
All official checks passed.
